// Jest Snapshot v1, https://goo.gl/fbAQLP

exports[`<CreateMeetup /> renders correctly 1`] = `ShallowWrapper {}`;
