// Jest Snapshot v1, https://goo.gl/fbAQLP

exports[`<AllMeetups /> renders correctly 1`] = `ShallowWrapper {}`;
