// Jest Snapshot v1, https://goo.gl/fbAQLP

exports[`<ErrorPage /> renders correctly using snapshot 1`] = `[Function]`;
