// Jest Snapshot v1, https://goo.gl/fbAQLP

exports[`<Footer /> renders correctly using snapshot 1`] = `[Function]`;
