// Jest Snapshot v1, https://goo.gl/fbAQLP

exports[`<Header /> renders correctly using snapshot 1`] = `[Function]`;
