// Jest Snapshot v1, https://goo.gl/fbAQLP

exports[`<ToastMessage /> renders correctly using snapshot 1`] = `[Function]`;
